// Jest Snapshot v1, https://goo.gl/fbAQLP

exports[`renders correctly when there are some texts 1`] = `
.emotion-0 {
  color: #f06595;
}

.emotion-0:hover {
  -webkit-text-decoration: underline;
  text-decoration: underline;
}

<div>
  <a
    class="emotion-0"
    href="/"
  >
    텍스트
  </a>
</div>
`;
